PASS: crossed underside grooves, raised crossings, holes, disconnected solids, incomplete-output rejection
node:internal/modules/run_main:123
    triggerUncaughtException(
    ^

AssertionError [ERR_ASSERTION]: interior rim preserves base and grooves
+ actual - expected
... Skipped lines

  [
    [
      [
        [
          [
...
            1,
+           2.25
+         ],
+         [
            1.75,
+           2.25
          ],
          [
+           1.75,
+           2
+         ],
+         [
+           2,
+           2
+         ],
+         [
+           2,
+           1.75
+         ],
+         [
            1,
+           1.75
+         ],
+         [
+           1,
            2.25
          ],
+       ],
+       [
          [
            9,
            2.25
          ],
          [
...
          [
+           5.25,
-           1,
            1.75
          ],
+         [
+           5.25,
+           2.25
+         ],
+         [
+           9,
+           2.25
+         ]
        ]
      ]
    ],
    [
      [

    at file:///home/carlos/Documents/GitHub/pages/shp2stl/diagnostics/planar-check.mjs:49:8
    at ModuleJob.run (node:internal/modules/esm/module_job:343:25)
    at async onImport.tracePromise.__proto__ (node:internal/modules/esm/loader:681:26)
    at async asyncRunEntryPointWithESMLoader (node:internal/modules/run_main:117:5) {
  generatedMessage: false,
  code: 'ERR_ASSERTION',
  actual: [
    [
      [
        [
          [ 10.25, 10.25 ],
          [ -0.25, 10.25 ],
          [ -0.25, 0 ],
          [ 0, 0 ],
          [ 0, -0.25 ],
          [ 10.25, -0.25 ],
          [ 10.25, 10.25 ]
        ],
        [
          [ 1, 2.25 ],
          [ 1.75, 2.25 ],
          [ 1.75, 2 ],
          [ 2, 2 ],
          [ 2, 1.75 ],
          [ 1, 1.75 ],
          [ 1, 2.25 ]
        ],
        [
          [ 9, 2.25 ],
          [ 9, 1.75 ],
          [ 5.25, 1.75 ],
          [ 5.25, 2.25 ],
          [ 9, 2.25 ]
        ]
      ]
    ],
    [
      [
        [
          [ 10.25, 10.25 ],
          [ -0.25, 10.25 ],
          [ -0.25, 0 ],
          [ 0, 0 ],
          [ 0, -0.25 ],
          [ 10.25, -0.25 ],
          [ 10.25, 10.25 ]
        ]
      ]
    ]
  ],
  expected: [
    [
      [
        [
          [ 10.25, 10.25 ],
          [ -0.25, 10.25 ],
          [ -0.25, 0 ],
          [ 0, 0 ],
          [ 0, -0.25 ],
          [ 10.25, -0.25 ],
          [ 10.25, 10.25 ]
        ],
        [
          [ 1, 1.75 ],
          [ 1, 2.25 ],
          [ 9, 2.25 ],
          [ 9, 1.75 ],
          [ 1, 1.75 ]
        ]
      ]
    ],
    [
      [
        [
          [ 10.25, 10.25 ],
          [ -0.25, 10.25 ],
          [ -0.25, 0 ],
          [ 0, 0 ],
          [ 0, -0.25 ],
          [ 10.25, -0.25 ],
          [ 10.25, 10.25 ]
        ]
      ]
    ]
  ],
  operator: 'deepStrictEqual',
  diff: 'simple'
}

Node.js v22.23.2
